  ./samlib-0.3.3.sh:216:10: note: Check exit code directly with e.g. 'if ! mycmd;', not indirectly with $?. [SC2181]
  ./samlib-0.3.3.sh:238:7: note: Check exit code directly with e.g. 'if ! mycmd;', not indirectly with $?. [SC2181]
  ./samlib-0.3.3.sh:376:8: note: Use $((..)) instead of deprecated $[..] [SC2007]
  ./samlib-0.3.3.sh:376:33: note: Use $((..)) instead of deprecated $[..] [SC2007]
  ./samlib-0.3.3.sh:376:58: note: Use $((..)) instead of deprecated $[..] [SC2007]
  ./samlib-0.3.3.sh:376:83: note: Use $((..)) instead of deprecated $[..] [SC2007]
  ./samlib-0.3.3.sh:414:9: note: Check exit code directly with e.g. 'if ! mycmd;', not indirectly with $?. [SC2181]
  ./samlib-0.3.3.sh:420:38: note: Use $((..)) instead of deprecated $[..] [SC2007]
  ./samlib-0.3.3.sh:434:7: note: Check exit code directly with e.g. 'if ! mycmd;', not indirectly with $?. [SC2181]
  ./samlib-0.3.3.sh:439:2: note: Consider using { cmd1; cmd2; } >> file instead of individual redirects. [SC2129]
  ./samlib-0.3.3.sh:843:11: note: Use $((..)) instead of deprecated $[..] [SC2007]
  ./samlib-0.3.3.sh:844:7: note: Use $((..)) instead of deprecated $[..] [SC2007]
  ./samlib-0.3.3.sh:890:8: note: Use $((..)) instead of deprecated $[..] [SC2007]
  ./samlib-0.3.3.sh:890:27: note: Use $((..)) instead of deprecated $[..] [SC2007]
  ./samlib-0.3.3.sh:890:46: note: Use $((..)) instead of deprecated $[..] [SC2007]
  ./samlib-0.3.3.sh:890:65: note: Use $((..)) instead of deprecated $[..] [SC2007]
  ./samlib-0.3.3.sh:958:16: error: Since you double quoted this, it will not word split, and the loop will only run once. [SC2066]
  ./samlib-0.3.3.sh:990:15: note: Use $((..)) instead of deprecated $[..] [SC2007]
  ./samlib-0.3.3.sh:990:18: note: $/${} is unnecessary on arithmetic variables. [SC2004]
  ./samlib-0.3.3.sh:1029:26: note: Use $((..)) instead of deprecated $[..] [SC2007]
  ./samlib-0.3.3.sh:1030:14: note: Use $((..)) instead of deprecated $[..] [SC2007]
  ./samlib-0.3.3.sh:1030:32: note: Use $((..)) instead of deprecated $[..] [SC2007]
  ./samlib-0.3.3.sh:1039:14: note: Use $((..)) instead of deprecated $[..] [SC2007]
  ./samlib-0.3.3.sh:1039:17: note: $/${} is unnecessary on arithmetic variables. [SC2004]
  ./samlib-0.3.3.sh:1045:14: note: Use $((..)) instead of deprecated $[..] [SC2007]
  ./samlib-0.3.3.sh:1045:17: note: $/${} is unnecessary on arithmetic variables. [SC2004]
  ./samlib-0.3.3.sh:1094:42: warning: Prefer [ p ] || [ q ] as [ p -o q ] is not well defined. [SC2166]
  ./samlib-0.3.3.sh:1129:9: note: Check exit code directly with e.g. 'if ! mycmd;', not indirectly with $?. [SC2181]
  ./samlib-0.3.3.sh:1145:7: note: Check exit code directly with e.g. 'if ! mycmd;', not indirectly with $?. [SC2181]
  ./samlib-0.3.3.sh:1150:2: note: Consider using { cmd1; cmd2; } >> file instead of individual redirects. [SC2129]
  ./samlib-0.3.3.sh:1222:19: note: Use $((..)) instead of deprecated $[..] [SC2007]
  ./samlib-0.3.3.sh:1222:22: note: $/${} is unnecessary on arithmetic variables. [SC2004]
  ./samlib-0.3.3.sh:1224:19: note: Use $((..)) instead of deprecated $[..] [SC2007]
  ./samlib-0.3.3.sh:1226:8: note: Use $((..)) instead of deprecated $[..] [SC2007]
  ./samlib-0.3.3.sh:1287:57: note: Consider using 'grep -c' instead of 'grep|wc -l'. [SC2126]
  ./samlib-0.3.3.sh:1292:58: note: Consider using 'grep -c' instead of 'grep|wc -l'. [SC2126]
